
Allocating common symbols
Common symbol       size              file

netbufpool          0x4               binaries/net.o
readylist           0x2               binaries/ready.o
rfltab              0x5a0             binaries/rflinit.o
netportseed         0x8               binaries/net.o
sleepq              0x2               binaries/clkinit.o
userlist_3          0x2               binaries/ready.o
nnames              0x4               binaries/naminit.o
udptab              0x168             binaries/udp.o
minheap             0x4               binaries/meminit.o
marks               0x50              binaries/mark.o
currpid             0x4               binaries/initialize.o
Lf_data             0x20c             binaries/lfsinit.o
porttab             0x2d0             binaries/ptinit.o
girmask             0x2               binaries/evec.o
ttytab              0x110             binaries/ttyinit.o
proctab             0x2260            binaries/initialize.o
prcount             0x4               binaries/initialize.o
lfltab              0xf00             binaries/lflinit.o
rdstab              0x8c              binaries/rdsinit.o
ethertab            0x130             binaries/ethinit.o
NetData             0xb0              binaries/net.o
nmarks              0x4               binaries/mark.o
initsp              0x4               binaries/i386.o
Defer               0x8               binaries/resched.o
semtab              0x4b0             binaries/initialize.o
maxheap             0x4               binaries/meminit.o
preempt             0x4               binaries/clkinit.o
buftab              0xf0              binaries/bufinit.o
Rf_data             0x18              binaries/rfsinit.o
mkmutex             0x4               binaries/mark.o
ctr1000             0x4               binaries/clkinit.o
quantum             0x4               binaries/clkinit.o
clktime             0x4               binaries/clkinit.o
userlist_2          0x2               binaries/ready.o
arpcache            0x140             binaries/arp.o
icmptab             0x230             binaries/icmp.o
nbpools             0x4               binaries/bufinit.o
queuetab            0x9b0             binaries/queue.o
ptnextid            0x4               binaries/ptinit.o
Ram                 0x19000           binaries/raminit.o
ipoqueue            0x2c              binaries/ip.o
userlist_1          0x2               binaries/ready.o
boost_time          0x4               binaries/initialize.o
memlist             0x8               binaries/initialize.o
nametab             0x19a0            binaries/naminit.o
ptfree              0x4               binaries/ptinit.o

Memory Configuration

Name             Origin             Length             Attributes
*default*        0x0000000000000000 0xffffffffffffffff

Linker script and memory map

                0x0000000000100000                physbase = 0x100000
                0x0000000000100000                . = physbase
                0x0000000000100000                . = ALIGN (0x1000)

.text           0x0000000000100000    0x1c000
                0x0000000000100000                text = ABSOLUTE (.)
 *(.text .text.*)
 .text          0x0000000000100000      0x165 binaries/start.o
                0x0000000000100020                entry
                0x000000000010003d                start
                0x00000000001000a5                inb
                0x00000000001000ad                inw
                0x00000000001000b6                inl
                0x00000000001000be                outb
                0x00000000001000c8                outw
                0x00000000001000d3                outl
                0x00000000001000dd                _rtcin
                0x00000000001000e8                ___udivsi3
                0x00000000001000f3                ___divsi3
                0x00000000001000ff                sbzero
                0x000000000010010f                bcopy
                0x0000000000100123                insw
                0x0000000000100139                outsw
                0x000000000010014f                lidt
                0x0000000000100157                jumptocode
                0x000000000010015e                jumptobootcode
 .text          0x0000000000100165      0x3e3 binaries/ascdate.o
                0x0000000000100165                ascdate
 .text          0x0000000000100548       0x14 binaries/bufinit.o
                0x0000000000100548                bufinit
 .text          0x000000000010055c       0x95 binaries/chprio.o
                0x000000000010055c                chprio
 .text          0x00000000001005f1      0x1ff binaries/clkhandler.o
                0x00000000001005f1                clkhandler
 .text          0x00000000001007f0       0x92 binaries/clkinit.o
                0x00000000001007f0                clkinit
 .text          0x0000000000100882       0x75 binaries/close.o
                0x0000000000100882                close
 .text          0x00000000001008f7        0x0 binaries/conf.o
 .text          0x00000000001008f7       0x7b binaries/control.o
                0x00000000001008f7                control
 .text          0x0000000000100972      0x2f1 binaries/create.o
                0x0000000000100972                create
                0x0000000000100bf1                newpid
 .text          0x0000000000100c63      0x44e binaries/create_user_proc.o
                0x0000000000100c63                burst_execution
                0x0000000000100dfa                create_user_proc
 .text          0x00000000001010b1      0x35f binaries/evec.o
                0x00000000001010b1                initevec
                0x0000000000101108                set_evec
                0x00000000001011aa                trap
 .text          0x0000000000101410       0x19 binaries/exit.o
                0x0000000000101410                exit
 .text          0x0000000000101429       0x8c binaries/freebuf.o
                0x0000000000101429                freebuf
 .text          0x00000000001014b5      0x172 binaries/freemem.o
                0x00000000001014b5                freemem
 .text          0x0000000000101627       0x8a binaries/getbuf.o
                0x0000000000101627                getbuf
 .text          0x00000000001016b1       0x75 binaries/getc.o
                0x00000000001016b1                getc
 .text          0x0000000000101726       0x74 binaries/getdev.o
                0x0000000000101726                getdev
 .text          0x000000000010179a       0xd0 binaries/getitem.o
                0x000000000010179a                getfirst
                0x00000000001017df                getlast
                0x0000000000101826                getitem
 .text          0x000000000010186a      0x10a binaries/getmem.o
                0x000000000010186a                getmem
 .text          0x0000000000101974        0xa binaries/getpid.o
                0x0000000000101974                getpid
 .text          0x000000000010197e       0x7d binaries/getprio.o
                0x000000000010197e                getprio
 .text          0x00000000001019fb       0xfb binaries/getstk.o
                0x00000000001019fb                getstk
 .text          0x0000000000101af6       0x16 binaries/getticks.o
                0x0000000000101af6                getticks
 .text          0x0000000000101b0c       0x3a binaries/gettime.o
                0x0000000000101b0c                gettime
 .text          0x0000000000101b46      0x1ea binaries/getutime.o
                0x0000000000101b46                getutime
 .text          0x0000000000101d30      0x3c5 binaries/i386.o
                0x0000000000101d30                setsegs
                0x0000000000101e42                init8259
                0x0000000000101ef4                pseg
                0x000000000010209c                setirmask
 .text          0x00000000001020f5       0x75 binaries/init.o
                0x00000000001020f5                init
 .text          0x000000000010216a      0x3fb binaries/initialize.o
                0x000000000010216a                nulluser
                0x000000000010250c                stop
                0x0000000000102537                delay
 .text          0x0000000000102565       0xde binaries/insert.o
                0x0000000000102565                insert
 .text          0x0000000000102643      0x110 binaries/insertd.o
                0x0000000000102643                insertd
 .text          0x0000000000102753        0xa binaries/ioerr.o
                0x0000000000102753                ioerr
 .text          0x000000000010275d        0xa binaries/ionull.o
                0x000000000010275d                ionull
 .text          0x0000000000102767      0x19e binaries/kill.o
                0x0000000000102767                kill
 .text          0x0000000000102905      0x14e binaries/kprintf.o
                0x0000000000102905                kputc
                0x0000000000102998                kgetc
                0x0000000000102a29                kprintf
 .text          0x0000000000102a53      0x12d binaries/main.o
                0x0000000000102a53                main
 .text          0x0000000000102b80       0xb5 binaries/mark.o
                0x0000000000102b80                markinit
                0x0000000000102ba4                mark
 .text          0x0000000000102c35       0xcc binaries/meminit.o
                0x0000000000102c35                meminit
 .text          0x0000000000102d01      0x174 binaries/mkbufpool.o
                0x0000000000102d01                mkbufpool
 .text          0x0000000000102e75       0x94 binaries/newqueue.o
                0x0000000000102e75                newqueue
 .text          0x0000000000102f09       0x7b binaries/open.o
                0x0000000000102f09                open
 .text          0x0000000000102f84       0x20 binaries/panic.o
                0x0000000000102f84                panic
 .text          0x0000000000102fa4      0x489 binaries/pci.o
                0x0000000000102fa4                pci_init
                0x0000000000103261                find_pci_device
                0x00000000001032af                pci_bios_read_config_byte
                0x00000000001032ee                pci_bios_read_config_word
                0x0000000000103330                pci_bios_read_config_dword
                0x000000000010336f                pci_bios_write_config_byte
                0x00000000001033b0                pci_bios_write_config_word
                0x00000000001033f2                pci_bios_write_config_dword
 .text          0x000000000010342d       0xf1 binaries/ptclear.o
                0x000000000010342d                _ptclear
 .text          0x000000000010351e       0x9d binaries/ptcount.o
                0x000000000010351e                ptcount
 .text          0x00000000001035bb      0x116 binaries/ptcreate.o
                0x00000000001035bb                ptcreate
 .text          0x00000000001036d1       0x7f binaries/ptdelete.o
                0x00000000001036d1                ptdelete
 .text          0x0000000000103750       0xbf binaries/ptinit.o
                0x0000000000103750                ptinit
 .text          0x000000000010380f      0x11b binaries/ptrecv.o
                0x000000000010380f                ptrecv
 .text          0x000000000010392a       0x77 binaries/ptreset.o
                0x000000000010392a                ptreset
 .text          0x00000000001039a1      0x13d binaries/ptsend.o
                0x00000000001039a1                ptsend
 .text          0x0000000000103ade       0x80 binaries/putc.o
                0x0000000000103ade                putc
 .text          0x0000000000103b5e      0x111 binaries/queue.o
                0x0000000000103b5e                enqueue
                0x0000000000103c02                dequeue
 .text          0x0000000000103c6f       0x7b binaries/read.o
                0x0000000000103c6f                read
 .text          0x0000000000103cea       0xe9 binaries/ready.o
                0x0000000000103cea                ready
 .text          0x0000000000103dd3       0x64 binaries/receive.o
                0x0000000000103dd3                receive
 .text          0x0000000000103e37       0x60 binaries/recvclr.o
                0x0000000000103e37                recvclr
 .text          0x0000000000103e97       0xbf binaries/recvtime.o
                0x0000000000103e97                recvtime
 .text          0x0000000000103f56     0x1528 binaries/resched.o
                0x0000000000103f56                resched
                0x0000000000105409                resched_cntl
 .text          0x000000000010547e       0xbc binaries/resume.o
                0x000000000010547e                resume
 .text          0x000000000010553a       0x79 binaries/seek.o
                0x000000000010553a                seek
 .text          0x00000000001055b3       0x70 binaries/semcount.o
                0x00000000001055b3                semcount
 .text          0x0000000000105623       0xd6 binaries/semcreate.o
                0x0000000000105623                semcreate
 .text          0x00000000001056f9       0xcd binaries/semdelete.o
                0x00000000001056f9                semdelete
 .text          0x00000000001057c6       0xcb binaries/semreset.o
                0x00000000001057c6                semreset
 .text          0x0000000000105891       0xee binaries/send.o
                0x0000000000105891                send
 .text          0x000000000010597f       0xa8 binaries/signal.o
                0x000000000010597f                signal
 .text          0x0000000000105a27       0xd6 binaries/signaln.o
                0x0000000000105a27                signaln
 .text          0x0000000000105afd      0x120 binaries/sleep.o
                0x0000000000105afd                sleep
                0x0000000000105b4b                sleepms
 .text          0x0000000000105c1d      0x193 binaries/stacktrace.o
                0x0000000000105c1d                stacktrace
 .text          0x0000000000105db0       0xe8 binaries/suspend.o
                0x0000000000105db0                suspend
 .text          0x0000000000105e98       0xea binaries/unsleep.o
                0x0000000000105e98                unsleep
 .text          0x0000000000105f82       0x19 binaries/userret.o
                0x0000000000105f82                userret
 .text          0x0000000000105f9b       0xdf binaries/wait.o
                0x0000000000105f9b                wait
 .text          0x000000000010607a       0x72 binaries/wakeup.o
                0x000000000010607a                wakeup
 .text          0x00000000001060ec       0x7b binaries/write.o
                0x00000000001060ec                write
 .text          0x0000000000106167       0x1d binaries/xdone.o
                0x0000000000106167                xdone
 .text          0x0000000000106184       0x28 binaries/yield.o
                0x0000000000106184                yield
 .text          0x00000000001061ac       0x11 binaries/abs.o
                0x00000000001061ac                abs
 .text          0x00000000001061bd       0x8f binaries/atoi.o
                0x00000000001061bd                atoi
 .text          0x000000000010624c       0x8f binaries/atol.o
                0x000000000010624c                atol
 .text          0x00000000001062db       0x31 binaries/bzero.o
                0x00000000001062db                bzero
 .text          0x000000000010630c        0x0 binaries/ctype_.o
 .text          0x000000000010630c      0x8ed binaries/doprnt.o
                0x000000000010630c                _doprnt
 .text          0x0000000000106bf9      0x65c binaries/doscan.o
                0x0000000000106bf9                _doscan
 .text          0x0000000000107255      0x711 binaries/fdoprnt.o
                0x0000000000107255                _fdoprnt
 .text          0x0000000000107966       0x29 binaries/fgetc.o
                0x0000000000107966                fgetc
 .text          0x000000000010798f       0x75 binaries/fgets.o
                0x000000000010798f                fgets
 .text          0x0000000000107a04       0x2a binaries/fprintf.o
                0x0000000000107a04                fprintf
 .text          0x0000000000107a2e       0x2c binaries/fputc.o
                0x0000000000107a2e                fputc
 .text          0x0000000000107a5a       0x43 binaries/fputs.o
                0x0000000000107a5a                fputs
 .text          0x0000000000107a9d       0x8a binaries/fscanf.o
                0x0000000000107a9d                fscanf
 .text          0x0000000000107b27       0x35 binaries/getchar.o
                0x0000000000107b27                getchar
 .text          0x0000000000107b5c       0x11 binaries/labs.o
                0x0000000000107b5c                labs
 .text          0x0000000000107b6d        0x0 binaries/memchr.o
 .text          0x0000000000107b6d       0x51 binaries/memcmp.o
                0x0000000000107b6d                memcmp
 .text          0x0000000000107bbe       0x3f binaries/memcpy.o
                0x0000000000107bbe                memcpy
 .text          0x0000000000107bfd       0x30 binaries/memset.o
                0x0000000000107bfd                memset
 .text          0x0000000000107c2d       0x4b binaries/printf.o
                0x0000000000107c2d                printf
 .text          0x0000000000107c78       0x38 binaries/putchar.o
                0x0000000000107c78                putchar
 .text          0x0000000000107cb0      0x27e binaries/qsort.o
                0x0000000000107cb0                qsort
 .text          0x0000000000107f2e       0x63 binaries/rand.o
                0x0000000000107f2e                rand
                0x0000000000107f46                rand_r
                0x0000000000107f84                srand
 .text          0x0000000000107f91       0x66 binaries/sprintf.o
                0x0000000000107f91                sprintf
 .text          0x0000000000107ff7       0x70 binaries/sscanf.o
                0x0000000000107ff7                sscanf
 .text          0x0000000000108067       0x3c binaries/strchr.o
                0x0000000000108067                strchr
 .text          0x00000000001080a3       0x45 binaries/strcmp.o
                0x00000000001080a3                strcmp
 .text          0x00000000001080e8       0x27 binaries/strcpy.o
                0x00000000001080e8                strcpy
 .text          0x000000000010810f       0x26 binaries/strlen.o
                0x000000000010810f                strlen
 .text          0x0000000000108135       0x56 binaries/strncat.o
                0x0000000000108135                strncat
 .text          0x000000000010818b       0x5f binaries/strncmp.o
                0x000000000010818b                strncmp
 .text          0x00000000001081ea       0x4f binaries/strncpy.o
                0x00000000001081ea                strncpy
 .text          0x0000000000108239       0x2e binaries/strnlen.o
                0x0000000000108239                strnlen
 .text          0x0000000000108267       0x45 binaries/strrchr.o
                0x0000000000108267                strrchr
 .text          0x00000000001082ac       0x6d binaries/strstr.o
                0x00000000001082ac                strstr
 .text          0x0000000000108319       0xe4 binaries/ttycontrol.o
                0x0000000000108319                ttycontrol
 .text          0x00000000001083fd       0x97 binaries/ttygetc.o
                0x00000000001083fd                ttygetc
 .text          0x0000000000108494      0x6ee binaries/ttyhandle_in.o
                0x0000000000108494                ttyhandle_in
 .text          0x0000000000108b82      0x1ae binaries/ttyhandle_out.o
                0x0000000000108b82                ttyhandle_out
 .text          0x0000000000108d30       0xce binaries/ttyhandler.o
                0x0000000000108d30                ttyhandler
 .text          0x0000000000108dfe      0x22f binaries/ttyinit.o
                0x0000000000108dfe                ttyinit
 .text          0x000000000010902d       0x1b binaries/ttykickout.o
                0x000000000010902d                ttykickout
 .text          0x0000000000109048       0xb7 binaries/ttyputc.o
                0x0000000000109048                ttyputc
 .text          0x00000000001090ff      0x11b binaries/ttyread.o
                0x00000000001090ff                ttyread
 .text          0x000000000010921a       0x4f binaries/ttywrite.o
                0x000000000010921a                ttywrite
 .text          0x0000000000109269      0x14b binaries/mount.o
                0x0000000000109269                mount
                0x000000000010937e                namlen
 .text          0x00000000001093b4      0x1ea binaries/naminit.o
                0x00000000001093b4                naminit
 .text          0x000000000010959e      0x211 binaries/nammap.o
                0x000000000010959e                nammap
                0x0000000000109629                namrepl
                0x000000000010975f                namcpy
 .text          0x00000000001097af       0x4e binaries/namopen.o
                0x00000000001097af                namopen
 .text          0x00000000001097fd      0xec3 binaries/82545EMInit.o
                0x000000000010985b                _82545EMInit
                0x000000000010a52c                _82545EM_read_phy_reg
                0x000000000010a5f2                _82545EM_write_phy_reg
 .text          0x000000000010a6c0      0x241 binaries/ethcontrol.o
                0x000000000010a71e                ethcontrol
                0x000000000010a894                ethIrqDisable
                0x000000000010a8c9                ethIrqEnable
 .text          0x000000000010a901      0x252 binaries/ethhandler.o
                0x000000000010aa71                ethhandler
 .text          0x000000000010ab53      0x126 binaries/ethinit.o
                0x000000000010ab53                ethinit
 .text          0x000000000010ac79      0x1f4 binaries/ethread.o
                0x000000000010acd7                ethread
 .text          0x000000000010ae6d      0x19f binaries/ethwrite.o
                0x000000000010aecb                ethwrite
 .text          0x000000000010b00c       0x9e binaries/rdsbufalloc.o
                0x000000000010b00c                rdsbufalloc
 .text          0x000000000010b0aa       0xcc binaries/rdsclose.o
                0x000000000010b0aa                rdsclose
 .text          0x000000000010b176      0x2e8 binaries/rdscomm.o
                0x000000000010b176                rdscomm
 .text          0x000000000010b45e      0x233 binaries/rdscontrol.o
                0x000000000010b45e                rdscontrol
 .text          0x000000000010b691      0x1f3 binaries/rdsinit.o
                0x000000000010b691                rdsinit
 .text          0x000000000010b884      0x19b binaries/rdsopen.o
                0x000000000010b884                rdsopen
 .text          0x000000000010ba1f      0x461 binaries/rdsprocess.o
                0x000000000010ba1f                rdsprocess
 .text          0x000000000010be80      0x259 binaries/rdsread.o
                0x000000000010be80                rdsread
 .text          0x000000000010c0d9      0x1fe binaries/rdswrite.o
                0x000000000010c0d9                rdswrite
 .text          0x000000000010c2d7        0xa binaries/ramclose.o
                0x000000000010c2d7                ramclose
 .text          0x000000000010c2e1       0x3e binaries/raminit.o
                0x000000000010c2e1                raminit
 .text          0x000000000010c31f        0xa binaries/ramopen.o
                0x000000000010c31f                ramopen
 .text          0x000000000010c329       0x32 binaries/ramread.o
                0x000000000010c329                ramread
 .text          0x000000000010c35b       0x32 binaries/ramwrite.o
                0x000000000010c35b                ramwrite
 .text          0x000000000010c38d       0x98 binaries/lfdballoc.o
                0x000000000010c38d                lfdballoc
 .text          0x000000000010c425       0x58 binaries/lfdbfree.o
                0x000000000010c425                lfdbfree
 .text          0x000000000010c47d       0xb6 binaries/lfflush.o
                0x000000000010c47d                lfflush
 .text          0x000000000010c533       0xd8 binaries/lfgetmode.o
                0x000000000010c533                lfgetmode
 .text          0x000000000010c60b       0x68 binaries/lfiballoc.o
                0x000000000010c60b                lfiballoc
 .text          0x000000000010c673       0x3b binaries/lfibclear.o
                0x000000000010c673                lfibclear
 .text          0x000000000010c6ae       0xad binaries/lfibget.o
                0x000000000010c6ae                lfibget
 .text          0x000000000010c75b       0xdc binaries/lfibput.o
                0x000000000010c75b                lfibput
 .text          0x000000000010c837       0xa2 binaries/lflclose.o
                0x000000000010c837                lflclose
 .text          0x000000000010c8d9       0xd0 binaries/lflcontrol.o
                0x000000000010c8d9                lflcontrol
 .text          0x000000000010c9a9       0xf2 binaries/lflgetc.o
                0x000000000010c9a9                lflgetc
 .text          0x000000000010ca9b       0xf1 binaries/lflinit.o
                0x000000000010ca9b                lflinit
 .text          0x000000000010cb8c      0x122 binaries/lflputc.o
                0x000000000010cb8c                lflputc
 .text          0x000000000010ccae       0x70 binaries/lflread.o
                0x000000000010ccae                lflread
 .text          0x000000000010cd1e       0xac binaries/lflseek.o
                0x000000000010cd1e                lflseek
 .text          0x000000000010cdca       0x55 binaries/lflwrite.o
                0x000000000010cdca                lflwrite
 .text          0x000000000010ce1f       0x62 binaries/lfscheck.o
                0x000000000010ce1f                lfscheck
 .text          0x000000000010ce81      0x175 binaries/lfsckfmt.o
                0x000000000010ce81                lfsckfmt
 .text          0x000000000010cff6      0x1ad binaries/lfscreate.o
                0x000000000010cff6                lfscreate
 .text          0x000000000010d1a3      0x278 binaries/lfsetup.o
                0x000000000010d1a3                lfsetup
 .text          0x000000000010d41b       0x51 binaries/lfsinit.o
                0x000000000010d41b                lfsinit
 .text          0x000000000010d46c      0x3c0 binaries/lfsopen.o
                0x000000000010d46c                lfsopen
 .text          0x000000000010d82c      0x15e binaries/lftruncate.o
                0x000000000010d82c                lftruncate
 .text          0x000000000010d98a       0x71 binaries/rflclose.o
                0x000000000010d98a                rflclose
 .text          0x000000000010d9fb       0x32 binaries/rflgetc.o
                0x000000000010d9fb                rflgetc
 .text          0x000000000010da2d       0x76 binaries/rflinit.o
                0x000000000010da2d                rflinit
 .text          0x000000000010daa3       0x33 binaries/rflputc.o
                0x000000000010daa3                rflputc
 .text          0x000000000010dad6      0x360 binaries/rflread.o
                0x000000000010dad6                rflread
 .text          0x000000000010de36       0x74 binaries/rflseek.o
                0x000000000010de36                rflseek
 .text          0x000000000010deaa      0x34d binaries/rflwrite.o
                0x000000000010deaa                rflwrite
 .text          0x000000000010e1f7      0x1e2 binaries/rfscomm.o
                0x000000000010e1f7                rfscomm
 .text          0x000000000010e3d9      0x26d binaries/rfscontrol.o
                0x000000000010e3d9                rfscontrol
 .text          0x000000000010e646       0xd8 binaries/rfsgetmode.o
                0x000000000010e646                rfsgetmode
 .text          0x000000000010e71e       0x86 binaries/rfsinit.o
                0x000000000010e71e                rfsinit
 .text          0x000000000010e7a4      0x111 binaries/rfsndmsg.o
                0x000000000010e7a4                rfsndmsg
 .text          0x000000000010e8b5      0x2aa binaries/rfsopen.o
                0x000000000010e8b5                rfsopen
 .text          0x000000000010eb5f      0x836 binaries/arp.o
                0x000000000010eb5f                arp_init
                0x000000000010eb91                arp_resolve
                0x000000000010ee45                arp_in
                0x000000000010f0fd                arp_alloc
                0x000000000010f1bd                arp_ntoh
                0x000000000010f2a9                arp_hton
 .text          0x000000000010f395      0x8e3 binaries/dhcp.o
                0x000000000010f395                dhcp_get_opt_val
                0x000000000010f3ee                dhcp_bld_bootp_msg
                0x000000000010f4fb                dhcp_bld_disc
                0x000000000010f5e4                dhcp_bld_req
                0x000000000010f756                getlocalip
 .text          0x000000000010fc78      0x59f binaries/dns.o
                0x000000000010fc78                dnslookup
 .text          0x0000000000110217       0xe8 binaries/dot2ip.o
                0x0000000000110217                dot2ip
 .text          0x00000000001102ff      0x4c4 binaries/hexdump.o
                0x00000000001102ff                hexdump
                0x00000000001104a6                hexadump
 .text          0x00000000001107c3      0x8af binaries/icmp.o
                0x00000000001107c3                icmp_init
                0x00000000001107fa                icmp_in
                0x00000000001109d0                icmp_register
                0x0000000000110acb                icmp_recv
                0x0000000000110c57                icmp_send
                0x0000000000110cdf                icmp_mkpkt
                0x0000000000110df9                icmp_release
                0x0000000000110ef7                icmp_cksum
                0x0000000000110f8a                icmp_hton
                0x0000000000110ffe                icmp_ntoh
 .text          0x0000000000111072      0x8a5 binaries/ip.o
                0x0000000000111072                ip_in
                0x00000000001111f6                ip_send
                0x0000000000111351                ip_local
                0x000000000011139d                ip_out
                0x00000000001114d6                ipcksum
                0x000000000011155c                ip_ntoh
                0x0000000000111648                ip_hton
                0x0000000000111734                ipout
                0x0000000000111863                ip_enqueue
 .text          0x0000000000111917      0x2cd binaries/net.o
                0x0000000000111917                net_init
                0x0000000000111a3f                netin
                0x0000000000111afc                eth_hton
                0x0000000000111b26                eth_ntoh
                0x0000000000111b50                getport
 .text          0x0000000000111be4     0x147f binaries/pdump.o
                0x0000000000111be4                pdump
                0x00000000001129a1                pdumph
 .text          0x0000000000113063      0x613 binaries/tftp.o
                0x0000000000113063                tftp_send1
                0x00000000001131db                tftpget
                0x000000000011320d                tftpget_mb
 .text          0x0000000000113676      0xb82 binaries/udp.o
                0x0000000000113676                udp_init
                0x00000000001136ab                udp_in
                0x00000000001137ed                udp_register
                0x000000000011392a                udp_recv
                0x0000000000113ac6                udp_recvaddr
                0x0000000000113c7a                udp_send
                0x0000000000113e62                udp_sendto
                0x0000000000114013                udp_release
                0x000000000011410e                udp_ntoh
                0x0000000000114183                udp_hton
 .text          0x00000000001141f8      0x13c binaries/addargs.o
                0x00000000001141f8                addargs
 .text          0x0000000000114334      0x2c9 binaries/lexan.o
                0x0000000000114334                lexan
 .text          0x00000000001145fd      0x66b binaries/shell.o
                0x00000000001145fd                shell
 .text          0x0000000000114c68       0x69 binaries/xsh_argecho.o
                0x0000000000114c68                xsh_argecho
 .text          0x0000000000114cd1      0x275 binaries/xsh_arp.o
                0x0000000000114cd1                xsh_arp
 .text          0x0000000000114f46      0x28a binaries/xsh_cat.o
                0x0000000000114f46                xsh_cat
 .text          0x00000000001151d0       0x62 binaries/xsh_clear.o
                0x00000000001151d0                xsh_clear
 .text          0x0000000000115232      0x30e binaries/xsh_date.o
                0x0000000000115232                xsh_date
 .text          0x0000000000115540       0xb2 binaries/xsh_devdump.o
                0x0000000000115540                xsh_devdump
 .text          0x00000000001155f2       0x72 binaries/xsh_echo.o
                0x00000000001155f2                xsh_echo
 .text          0x0000000000115664        0xa binaries/xsh_exit.o
                0x0000000000115664                xsh_exit
 .text          0x000000000011566e      0x391 binaries/xsh_help.o
                0x000000000011566e                xsh_help
 .text          0x00000000001159ff      0x25d binaries/xsh_kill.o
                0x00000000001159ff                xsh_kill
 .text          0x0000000000115c5c      0x55d binaries/xsh_memdump.o
                0x0000000000115c5c                xsh_memdump
 .text          0x00000000001161b9      0x2b7 binaries/xsh_memstat.o
                0x00000000001161b9                xsh_memstat
 .text          0x0000000000116470      0x51d binaries/xsh_netinfo.o
                0x0000000000116470                xsh_netinfo
 .text          0x000000000011698d      0x4b3 binaries/xsh_ping.o
                0x000000000011698d                xsh_ping
 .text          0x0000000000116e40      0x230 binaries/xsh_ps.o
                0x0000000000116e40                xsh_ps
 .text          0x0000000000117070      0x239 binaries/xsh_sleep.o
                0x0000000000117070                xsh_sleep
 .text          0x00000000001172a9      0x282 binaries/xsh_udpdump.o
                0x00000000001172a9                xsh_udpdump
 .text          0x000000000011752b      0x4ea binaries/xsh_udpecho.o
                0x000000000011752b                xsh_udpecho
 .text          0x0000000000117a15      0x2c8 binaries/xsh_udpserver.o
                0x0000000000117a15                xsh_udpeserver
 .text          0x0000000000117cdd      0x1fb binaries/xsh_uptime.o
                0x0000000000117cdd                xsh_uptime
 .text          0x0000000000117ed8        0xe binaries/clkdisp.o
                0x0000000000117ed8                clkdisp
 .text          0x0000000000117ee6       0x19 binaries/ctxsw.o
                0x0000000000117ee6                ctxsw
 .text          0x0000000000117eff      0x36b binaries/intr.o
                0x0000000000117eff                disable
                0x0000000000117f08                restore
                0x0000000000117f16                enable
                0x0000000000117f18                pause
                0x0000000000117f1f                halt
                0x0000000000117f25                spurious_irq7
                0x0000000000117f2a                spurious_irq15
                0x0000000000117f39                _Xint0
                0x0000000000117f44                _Xint1
                0x0000000000117f4f                _Xint2
                0x0000000000117f5a                _Xint3
                0x0000000000117f65                _Xint4
                0x0000000000117f70                _Xint5
                0x0000000000117f7b                _Xint6
                0x0000000000117f86                _Xint7
                0x0000000000117f91                _Xint8
                0x0000000000117f9c                _Xint9
                0x0000000000117fa7                _Xint10
                0x0000000000117fb2                _Xint11
                0x0000000000117fc0                _Xint12
                0x0000000000117fce                _Xint13
                0x0000000000117fdc                _Xint14
                0x0000000000117fea                _Xint15
                0x0000000000117ff8                _Xint16
                0x0000000000118006                _Xint17
                0x0000000000118014                _Xint18
                0x0000000000118022                _Xint19
                0x0000000000118030                _Xint20
                0x000000000011803e                _Xint21
                0x000000000011804c                _Xint22
                0x000000000011805a                _Xint23
                0x0000000000118068                _Xint24
                0x0000000000118076                _Xint25
                0x0000000000118084                _Xint26
                0x0000000000118092                _Xint27
                0x00000000001180a0                _Xint28
                0x00000000001180ae                _Xint29
                0x00000000001180bc                _Xint30
                0x00000000001180ca                _Xint31
                0x00000000001180d8                _Xint32
                0x00000000001180e6                _Xint33
                0x00000000001180f4                _Xint34
                0x0000000000118102                _Xint35
                0x0000000000118110                _Xint36
                0x000000000011811e                _Xint37
                0x000000000011812c                _Xint38
                0x000000000011813a                _Xint39
                0x0000000000118148                _Xint40
                0x0000000000118156                _Xint41
                0x0000000000118164                _Xint42
                0x0000000000118172                _Xint43
                0x0000000000118180                _Xint44
                0x000000000011818e                _Xint45
                0x000000000011819c                _Xint46
                0x00000000001181aa                defevec
 .text          0x000000000011826a        0xf binaries/ttydispatch.o
                0x000000000011826a                ttydispatch
 .text          0x0000000000118279       0x13 binaries/ethdispatch.o
                0x0000000000118279                ethdispatch
 *(.rodata .rodata.*)
 .rodata        0x000000000011828c       0x8e binaries/ascdate.o
 .rodata        0x000000000011831a       0xae binaries/conf.o
 .rodata        0x00000000001183c8      0x22f binaries/evec.o
 *fill*         0x00000000001185f7        0x1 
 .rodata        0x00000000001185f8       0x61 binaries/getutime.o
 *fill*         0x0000000000118659        0x3 
 .rodata        0x000000000011865c       0x90 binaries/i386.o
 .rodata        0x00000000001186ec      0x181 binaries/initialize.o
 *fill*         0x000000000011886d        0x3 
 .rodata        0x0000000000118870       0x20 binaries/kill.o
 .rodata        0x0000000000118890       0x10 binaries/main.o
 .rodata        0x00000000001188a0        0xf binaries/panic.o
 *fill*         0x00000000001188af        0x1 
 .rodata        0x00000000001188b0      0x1ec binaries/pci.o
 .rodata        0x0000000000118a9c       0x1d binaries/ptinit.o
 *fill*         0x0000000000118ab9        0x3 
 .rodata        0x0000000000118abc       0x25 binaries/ptsend.o
 .rodata        0x0000000000118ae1       0x15 binaries/resched.o
 *fill*         0x0000000000118af6        0x2 
 .rodata        0x0000000000118af8       0xb7 binaries/stacktrace.o
 *fill*         0x0000000000118baf        0x1 
 .rodata        0x0000000000118bb0       0x27 binaries/xdone.o
 *fill*         0x0000000000118bd7        0x9 
 .rodata        0x0000000000118be0       0x81 binaries/ctype_.o
                0x0000000000118be0                _ctype_
 *fill*         0x0000000000118c61        0x3 
 .rodata        0x0000000000118c64       0xee binaries/doprnt.o
 *fill*         0x0000000000118d52        0x2 
 .rodata        0x0000000000118d54       0x98 binaries/doscan.o
 .rodata        0x0000000000118dec       0xae binaries/fdoprnt.o
 *fill*         0x0000000000118e9a        0x2 
 .rodata        0x0000000000118e9c       0x20 binaries/ttycontrol.o
 .rodata        0x0000000000118ebc       0x34 binaries/ttyhandler.o
 .rodata        0x0000000000118ef0       0x80 binaries/naminit.o
 .rodata        0x0000000000118f70       0x2e binaries/82545EMInit.o
 *fill*         0x0000000000118f9e        0x2 
 .rodata        0x0000000000118fa0       0x78 binaries/ethinit.o
 .rodata        0x0000000000119018       0x18 binaries/ethread.o
 .rodata        0x0000000000119030       0x2c binaries/rdsbufalloc.o
 .rodata        0x000000000011905c       0x76 binaries/rdscomm.o
 *fill*         0x00000000001190d2        0x2 
 .rodata        0x00000000001190d4       0x48 binaries/rdscontrol.o
 .rodata        0x000000000011911c       0x96 binaries/rdsinit.o
 *fill*         0x00000000001191b2        0x2 
 .rodata        0x00000000001191b4       0x22 binaries/rdsopen.o
 *fill*         0x00000000001191d6        0x2 
 .rodata        0x00000000001191d8       0x4d binaries/rdsprocess.o
 .rodata        0x0000000000119225        0x9 binaries/raminit.o
 *fill*         0x000000000011922e        0x2 
 .rodata        0x0000000000119230       0x37 binaries/lfdballoc.o
 .rodata        0x0000000000119267       0x14 binaries/lfiballoc.o
 *fill*         0x000000000011927b        0x1 
 .rodata        0x000000000011927c       0x23 binaries/lflcontrol.o
 *fill*         0x000000000011929f        0x1 
 .rodata        0x00000000001192a0      0x11b binaries/lfsckfmt.o
 *fill*         0x00000000001193bb        0x1 
 .rodata        0x00000000001193bc       0x2a binaries/lfsopen.o
 *fill*         0x00000000001193e6        0x2 
 .rodata        0x00000000001193e8       0x21 binaries/rflread.o
 *fill*         0x0000000000119409        0x3 
 .rodata        0x000000000011940c       0x21 binaries/rflwrite.o
 *fill*         0x000000000011942d        0x3 
 .rodata        0x0000000000119430       0x75 binaries/rfscomm.o
 *fill*         0x00000000001194a5        0x3 
 .rodata        0x00000000001194a8       0x3c binaries/rfscontrol.o
 .rodata        0x00000000001194e4       0x63 binaries/rfsinit.o
 *fill*         0x0000000000119547        0x1 
 .rodata        0x0000000000119548       0x2a binaries/rfsndmsg.o
 *fill*         0x0000000000119572        0x2 
 .rodata        0x0000000000119574       0x22 binaries/rfsopen.o
 *fill*         0x0000000000119596        0x2 
 .rodata        0x0000000000119598       0x3a binaries/arp.o
 *fill*         0x00000000001195d2        0x2 
 .rodata        0x00000000001195d4       0xcf binaries/dhcp.o
 .rodata        0x00000000001196a3       0x1a binaries/dns.o
 *fill*         0x00000000001196bd        0x3 
 .rodata        0x00000000001196c0       0xc9 binaries/hexdump.o
 *fill*         0x0000000000119789        0x3 
 .rodata        0x000000000011978c       0x29 binaries/icmp.o
 *fill*         0x00000000001197b5        0x3 
 .rodata        0x00000000001197b8       0x6e binaries/ip.o
 *fill*         0x0000000000119826        0x2 
 .rodata        0x0000000000119828       0x4f binaries/net.o
 *fill*         0x0000000000119877        0x1 
 .rodata        0x0000000000119878      0x26f binaries/pdump.o
 *fill*         0x0000000000119ae7        0x1 
 .rodata        0x0000000000119ae8      0x154 binaries/tftp.o
 *fill*         0x0000000000119c3c        0x4 
 .rodata        0x0000000000119c40      0x3c1 binaries/shell.o
                0x0000000000119cc0                cmdtab
 .rodata        0x000000000011a001       0x28 binaries/xsh_argecho.o
 *fill*         0x000000000011a029        0x3 
 .rodata        0x000000000011a02c      0x123 binaries/xsh_arp.o
 *fill*         0x000000000011a14f        0x1 
 .rodata        0x000000000011a150       0xc9 binaries/xsh_cat.o
 .rodata        0x000000000011a219       0x19 binaries/xsh_clear.o
 *fill*         0x000000000011a232        0x2 
 .rodata        0x000000000011a234      0x1c3 binaries/xsh_date.o
 .rodata        0x000000000011a3f7       0x5d binaries/xsh_devdump.o
 .rodata        0x000000000011a454        0x9 binaries/xsh_echo.o
 *fill*         0x000000000011a45d        0x3 
 .rodata        0x000000000011a460      0x169 binaries/xsh_help.o
 *fill*         0x000000000011a5c9        0x3 
 .rodata        0x000000000011a5cc      0x12e binaries/xsh_kill.o
 *fill*         0x000000000011a6fa        0x2 
 .rodata        0x000000000011a6fc      0x266 binaries/xsh_memdump.o
 *fill*         0x000000000011a962        0x2 
 .rodata        0x000000000011a964      0x225 binaries/xsh_memstat.o
 *fill*         0x000000000011ab89        0x3 
 .rodata        0x000000000011ab8c      0x1b0 binaries/xsh_netinfo.o
 .rodata        0x000000000011ad3c      0x1a1 binaries/xsh_ping.o
 *fill*         0x000000000011aedd        0x3 
 .rodata        0x000000000011aee0      0x1e0 binaries/xsh_ps.o
 .rodata        0x000000000011b0c0       0xeb binaries/xsh_sleep.o
 *fill*         0x000000000011b1ab        0x1 
 .rodata        0x000000000011b1ac      0x1b8 binaries/xsh_udpdump.o
 .rodata        0x000000000011b364      0x215 binaries/xsh_udpecho.o
 *fill*         0x000000000011b579        0x3 
 .rodata        0x000000000011b57c      0x12b binaries/xsh_udpserver.o
 *fill*         0x000000000011b6a7        0x1 
 .rodata        0x000000000011b6a8      0x105 binaries/xsh_uptime.o
                0x000000000011b7ad                etext = ABSOLUTE (.)
                0x000000000011c000                . = ALIGN (0x1000)
 *fill*         0x000000000011b7ad      0x853 

.eh_frame       0x000000000011c000     0x2c74
 .eh_frame      0x000000000011c000       0x38 binaries/ascdate.o
 .eh_frame      0x000000000011c038       0x20 binaries/bufinit.o
                                         0x38 (size before relaxing)
 .eh_frame      0x000000000011c058       0x20 binaries/chprio.o
                                         0x38 (size before relaxing)
 .eh_frame      0x000000000011c078       0x20 binaries/clkhandler.o
                                         0x38 (size before relaxing)
 .eh_frame      0x000000000011c098       0x20 binaries/clkinit.o
                                         0x38 (size before relaxing)
 .eh_frame      0x000000000011c0b8       0x20 binaries/close.o
                                         0x38 (size before relaxing)
 .eh_frame      0x000000000011c0d8       0x20 binaries/control.o
                                         0x38 (size before relaxing)
 .eh_frame      0x000000000011c0f8       0x40 binaries/create.o
                                         0x58 (size before relaxing)
 .eh_frame      0x000000000011c138       0x40 binaries/create_user_proc.o
                                         0x58 (size before relaxing)
 .eh_frame      0x000000000011c178       0x60 binaries/evec.o
                                         0x78 (size before relaxing)
 .eh_frame      0x000000000011c1d8       0x20 binaries/exit.o
                                         0x38 (size before relaxing)
 .eh_frame      0x000000000011c1f8       0x20 binaries/freebuf.o
                                         0x38 (size before relaxing)
 .eh_frame      0x000000000011c218       0x20 binaries/freemem.o
                                         0x38 (size before relaxing)
 .eh_frame      0x000000000011c238       0x20 binaries/getbuf.o
                                         0x38 (size before relaxing)
 .eh_frame      0x000000000011c258       0x20 binaries/getc.o
                                         0x38 (size before relaxing)
 .eh_frame      0x000000000011c278       0x20 binaries/getdev.o
                                         0x38 (size before relaxing)
 .eh_frame      0x000000000011c298       0x60 binaries/getitem.o
                                         0x78 (size before relaxing)
 .eh_frame      0x000000000011c2f8       0x20 binaries/getmem.o
                                         0x38 (size before relaxing)
 .eh_frame      0x000000000011c318       0x20 binaries/getpid.o
                                         0x38 (size before relaxing)
 .eh_frame      0x000000000011c338       0x20 binaries/getprio.o
                                         0x38 (size before relaxing)
 .eh_frame      0x000000000011c358       0x20 binaries/getstk.o
                                         0x38 (size before relaxing)
 .eh_frame      0x000000000011c378       0x20 binaries/getticks.o
                                         0x38 (size before relaxing)
 .eh_frame      0x000000000011c398       0x20 binaries/gettime.o
                                         0x38 (size before relaxing)
 .eh_frame      0x000000000011c3b8       0x20 binaries/getutime.o
                                         0x38 (size before relaxing)
 .eh_frame      0x000000000011c3d8       0x8c binaries/i386.o
                                         0xa4 (size before relaxing)
 .eh_frame      0x000000000011c464       0x20 binaries/init.o
                                         0x38 (size before relaxing)
 .eh_frame      0x000000000011c484       0xa0 binaries/initialize.o
                                         0xb8 (size before relaxing)
 .eh_frame      0x000000000011c524       0x20 binaries/insert.o
                                         0x38 (size before relaxing)
 .eh_frame      0x000000000011c544       0x20 binaries/insertd.o
                                         0x38 (size before relaxing)
 .eh_frame      0x000000000011c564       0x20 binaries/ioerr.o
                                         0x38 (size before relaxing)
 .eh_frame      0x000000000011c584       0x20 binaries/ionull.o
                                         0x38 (size before relaxing)
 .eh_frame      0x000000000011c5a4       0x20 binaries/kill.o
                                         0x38 (size before relaxing)
 .eh_frame      0x000000000011c5c4       0x60 binaries/kprintf.o
                                         0x78 (size before relaxing)
 .eh_frame      0x000000000011c624       0x30 binaries/main.o
                                         0x48 (size before relaxing)
 .eh_frame      0x000000000011c654       0x40 binaries/mark.o
                                         0x58 (size before relaxing)
 .eh_frame      0x000000000011c694       0x20 binaries/meminit.o
                                         0x38 (size before relaxing)
 .eh_frame      0x000000000011c6b4       0x20 binaries/mkbufpool.o
                                         0x38 (size before relaxing)
 .eh_frame      0x000000000011c6d4       0x20 binaries/newqueue.o
                                         0x38 (size before relaxing)
 .eh_frame      0x000000000011c6f4       0x20 binaries/open.o
                                         0x38 (size before relaxing)
 .eh_frame      0x000000000011c714       0x1c binaries/panic.o
                                         0x34 (size before relaxing)
 .eh_frame      0x000000000011c730      0x1c8 binaries/pci.o
                                        0x1e0 (size before relaxing)
 .eh_frame      0x000000000011c8f8       0x20 binaries/ptclear.o
                                         0x38 (size before relaxing)
 .eh_frame      0x000000000011c918       0x20 binaries/ptcount.o
                                         0x38 (size before relaxing)
 .eh_frame      0x000000000011c938       0x20 binaries/ptcreate.o
                                         0x38 (size before relaxing)
 .eh_frame      0x000000000011c958       0x20 binaries/ptdelete.o
                                         0x38 (size before relaxing)
 .eh_frame      0x000000000011c978       0x20 binaries/ptinit.o
                                         0x38 (size before relaxing)
 .eh_frame      0x000000000011c998       0x20 binaries/ptrecv.o
                                         0x38 (size before relaxing)
 .eh_frame      0x000000000011c9b8       0x20 binaries/ptreset.o
                                         0x38 (size before relaxing)
 .eh_frame      0x000000000011c9d8       0x20 binaries/ptsend.o
                                         0x38 (size before relaxing)
 .eh_frame      0x000000000011c9f8       0x20 binaries/putc.o
                                         0x38 (size before relaxing)
 .eh_frame      0x000000000011ca18       0x40 binaries/queue.o
                                         0x58 (size before relaxing)
 .eh_frame      0x000000000011ca58       0x20 binaries/read.o
                                         0x38 (size before relaxing)
 .eh_frame      0x000000000011ca78       0x24 binaries/ready.o
                                         0x3c (size before relaxing)
 .eh_frame      0x000000000011ca9c       0x20 binaries/receive.o
                                         0x38 (size before relaxing)
 .eh_frame      0x000000000011cabc       0x20 binaries/recvclr.o
                                         0x38 (size before relaxing)
 .eh_frame      0x000000000011cadc       0x20 binaries/recvtime.o
                                         0x38 (size before relaxing)
 .eh_frame      0x000000000011cafc       0x40 binaries/resched.o
                                         0x58 (size before relaxing)
 .eh_frame      0x000000000011cb3c       0x20 binaries/resume.o
                                         0x38 (size before relaxing)
 .eh_frame      0x000000000011cb5c       0x20 binaries/seek.o
                                         0x38 (size before relaxing)
 .eh_frame      0x000000000011cb7c       0x20 binaries/semcount.o
                                         0x38 (size before relaxing)
 .eh_frame      0x000000000011cb9c       0x40 binaries/semcreate.o
                                         0x58 (size before relaxing)
 .eh_frame      0x000000000011cbdc       0x20 binaries/semdelete.o
                                         0x38 (size before relaxing)
 .eh_frame      0x000000000011cbfc       0x20 binaries/semreset.o
                                         0x38 (size before relaxing)
 .eh_frame      0x000000000011cc1c       0x20 binaries/send.o
                                         0x38 (size before relaxing)
 .eh_frame      0x000000000011cc3c       0x20 binaries/signal.o
                                         0x38 (size before relaxing)
 .eh_frame      0x000000000011cc5c       0x20 binaries/signaln.o
                                         0x38 (size before relaxing)
 .eh_frame      0x000000000011cc7c       0x40 binaries/sleep.o
                                         0x58 (size before relaxing)
 .eh_frame      0x000000000011ccbc       0x20 binaries/stacktrace.o
                                         0x38 (size before relaxing)
 .eh_frame      0x000000000011ccdc       0x20 binaries/suspend.o
                                         0x38 (size before relaxing)
 .eh_frame      0x000000000011ccfc       0x20 binaries/unsleep.o
                                         0x38 (size before relaxing)
 .eh_frame      0x000000000011cd1c       0x20 binaries/userret.o
                                         0x38 (size before relaxing)
 .eh_frame      0x000000000011cd3c       0x20 binaries/wait.o
                                         0x38 (size before relaxing)
 .eh_frame      0x000000000011cd5c       0x20 binaries/wakeup.o
                                         0x38 (size before relaxing)
 .eh_frame      0x000000000011cd7c       0x20 binaries/write.o
                                         0x38 (size before relaxing)
 .eh_frame      0x000000000011cd9c       0x20 binaries/xdone.o
                                         0x38 (size before relaxing)
 .eh_frame      0x000000000011cdbc       0x20 binaries/yield.o
                                         0x38 (size before relaxing)
 .eh_frame      0x000000000011cddc       0x20 binaries/abs.o
                                         0x38 (size before relaxing)
 .eh_frame      0x000000000011cdfc       0x20 binaries/atoi.o
                                         0x38 (size before relaxing)
 .eh_frame      0x000000000011ce1c       0x20 binaries/atol.o
                                         0x38 (size before relaxing)
 .eh_frame      0x000000000011ce3c       0x20 binaries/bzero.o
                                         0x38 (size before relaxing)
 .eh_frame      0x000000000011ce5c       0xe0 binaries/doprnt.o
                                         0xf8 (size before relaxing)
 .eh_frame      0x000000000011cf3c       0xb0 binaries/doscan.o
                                         0xc8 (size before relaxing)
 .eh_frame      0x000000000011cfec       0xc0 binaries/fdoprnt.o
                                         0xd8 (size before relaxing)
 .eh_frame      0x000000000011d0ac       0x20 binaries/fgetc.o
                                         0x38 (size before relaxing)
 .eh_frame      0x000000000011d0cc       0x20 binaries/fgets.o
                                         0x38 (size before relaxing)
 .eh_frame      0x000000000011d0ec       0x20 binaries/fprintf.o
                                         0x38 (size before relaxing)
 .eh_frame      0x000000000011d10c       0x20 binaries/fputc.o
                                         0x38 (size before relaxing)
 .eh_frame      0x000000000011d12c       0x20 binaries/fputs.o
                                         0x38 (size before relaxing)
 .eh_frame      0x000000000011d14c       0x60 binaries/fscanf.o
                                         0x78 (size before relaxing)
 .eh_frame      0x000000000011d1ac       0x20 binaries/getchar.o
                                         0x38 (size before relaxing)
 .eh_frame      0x000000000011d1cc       0x20 binaries/labs.o
                                         0x38 (size before relaxing)
 .eh_frame      0x000000000011d1ec       0x20 binaries/memcmp.o
                                         0x38 (size before relaxing)
 .eh_frame      0x000000000011d20c       0x24 binaries/memcpy.o
                                         0x3c (size before relaxing)
 .eh_frame      0x000000000011d230       0x24 binaries/memset.o
                                         0x3c (size before relaxing)
 .eh_frame      0x000000000011d254       0x20 binaries/printf.o
                                         0x38 (size before relaxing)
 .eh_frame      0x000000000011d274       0x20 binaries/putchar.o
                                         0x38 (size before relaxing)
 .eh_frame      0x000000000011d294       0xa8 binaries/qsort.o
                                         0xc0 (size before relaxing)
 .eh_frame      0x000000000011d33c       0x60 binaries/rand.o
                                         0x78 (size before relaxing)
 .eh_frame      0x000000000011d39c       0x40 binaries/sprintf.o
                                         0x58 (size before relaxing)
 .eh_frame      0x000000000011d3dc       0x60 binaries/sscanf.o
                                         0x78 (size before relaxing)
 .eh_frame      0x000000000011d43c       0x20 binaries/strchr.o
                                         0x38 (size before relaxing)
 .eh_frame      0x000000000011d45c       0x20 binaries/strcmp.o
                                         0x38 (size before relaxing)
 .eh_frame      0x000000000011d47c       0x20 binaries/strcpy.o
                                         0x38 (size before relaxing)
 .eh_frame      0x000000000011d49c       0x20 binaries/strlen.o
                                         0x38 (size before relaxing)
 .eh_frame      0x000000000011d4bc       0x20 binaries/strncat.o
                                         0x38 (size before relaxing)
 .eh_frame      0x000000000011d4dc       0x20 binaries/strncmp.o
                                         0x38 (size before relaxing)
 .eh_frame      0x000000000011d4fc       0x28 binaries/strncpy.o
                                         0x40 (size before relaxing)
 .eh_frame      0x000000000011d524       0x20 binaries/strnlen.o
                                         0x38 (size before relaxing)
 .eh_frame      0x000000000011d544       0x20 binaries/strrchr.o
                                         0x38 (size before relaxing)
 .eh_frame      0x000000000011d564       0x20 binaries/strstr.o
                                         0x38 (size before relaxing)
 .eh_frame      0x000000000011d584       0x20 binaries/ttycontrol.o
                                         0x38 (size before relaxing)
 .eh_frame      0x000000000011d5a4       0x20 binaries/ttygetc.o
                                         0x38 (size before relaxing)
 .eh_frame      0x000000000011d5c4       0x80 binaries/ttyhandle_in.o
                                         0x98 (size before relaxing)
 .eh_frame      0x000000000011d644       0x20 binaries/ttyhandle_out.o
                                         0x38 (size before relaxing)
 .eh_frame      0x000000000011d664       0x20 binaries/ttyhandler.o
                                         0x38 (size before relaxing)
 .eh_frame      0x000000000011d684       0x20 binaries/ttyinit.o
                                         0x38 (size before relaxing)
 .eh_frame      0x000000000011d6a4       0x20 binaries/ttykickout.o
                                         0x38 (size before relaxing)
 .eh_frame      0x000000000011d6c4       0x20 binaries/ttyputc.o
                                         0x38 (size before relaxing)
 .eh_frame      0x000000000011d6e4       0x24 binaries/ttyread.o
                                         0x3c (size before relaxing)
 .eh_frame      0x000000000011d708       0x20 binaries/ttywrite.o
                                         0x38 (size before relaxing)
 .eh_frame      0x000000000011d728       0x40 binaries/mount.o
                                         0x58 (size before relaxing)
 .eh_frame      0x000000000011d768       0x20 binaries/naminit.o
                                         0x38 (size before relaxing)
 .eh_frame      0x000000000011d788       0x60 binaries/nammap.o
                                         0x78 (size before relaxing)
 .eh_frame      0x000000000011d7e8       0x20 binaries/namopen.o
                                         0x38 (size before relaxing)
 .eh_frame      0x000000000011d808      0x150 binaries/82545EMInit.o
                                        0x168 (size before relaxing)
 .eh_frame      0x000000000011d958       0xa0 binaries/ethcontrol.o
                                         0xb8 (size before relaxing)
 .eh_frame      0x000000000011d9f8       0x80 binaries/ethhandler.o
                                         0x98 (size before relaxing)
 .eh_frame      0x000000000011da78       0x20 binaries/ethinit.o
                                         0x38 (size before relaxing)
 .eh_frame      0x000000000011da98       0x60 binaries/ethread.o
                                         0x78 (size before relaxing)
 .eh_frame      0x000000000011daf8       0x60 binaries/ethwrite.o
                                         0x78 (size before relaxing)
 .eh_frame      0x000000000011db58       0x20 binaries/rdsbufalloc.o
                                         0x38 (size before relaxing)
 .eh_frame      0x000000000011db78       0x20 binaries/rdsclose.o
                                         0x38 (size before relaxing)
 .eh_frame      0x000000000011db98       0x20 binaries/rdscomm.o
                                         0x38 (size before relaxing)
 .eh_frame      0x000000000011dbb8       0x20 binaries/rdscontrol.o
                                         0x38 (size before relaxing)
 .eh_frame      0x000000000011dbd8       0x20 binaries/rdsinit.o
                                         0x38 (size before relaxing)
 .eh_frame      0x000000000011dbf8       0x20 binaries/rdsopen.o
                                         0x38 (size before relaxing)
 .eh_frame      0x000000000011dc18       0x1c binaries/rdsprocess.o
                                         0x34 (size before relaxing)
 .eh_frame      0x000000000011dc34       0x20 binaries/rdsread.o
                                         0x38 (size before relaxing)
 .eh_frame      0x000000000011dc54       0x20 binaries/rdswrite.o
                                         0x38 (size before relaxing)
 .eh_frame      0x000000000011dc74       0x20 binaries/ramclose.o
                                         0x38 (size before relaxing)
 .eh_frame      0x000000000011dc94       0x20 binaries/raminit.o
                                         0x38 (size before relaxing)
 .eh_frame      0x000000000011dcb4       0x20 binaries/ramopen.o
                                         0x38 (size before relaxing)
 .eh_frame      0x000000000011dcd4       0x20 binaries/ramread.o
                                         0x38 (size before relaxing)
 .eh_frame      0x000000000011dcf4       0x20 binaries/ramwrite.o
                                         0x38 (size before relaxing)
 .eh_frame      0x000000000011dd14       0x20 binaries/lfdballoc.o
                                         0x38 (size before relaxing)
 .eh_frame      0x000000000011dd34       0x20 binaries/lfdbfree.o
                                         0x38 (size before relaxing)
 .eh_frame      0x000000000011dd54       0x20 binaries/lfflush.o
                                         0x38 (size before relaxing)
 .eh_frame      0x000000000011dd74       0x20 binaries/lfgetmode.o
                                         0x38 (size before relaxing)
 .eh_frame      0x000000000011dd94       0x20 binaries/lfiballoc.o
                                         0x38 (size before relaxing)
 .eh_frame      0x000000000011ddb4       0x20 binaries/lfibclear.o
                                         0x38 (size before relaxing)
 .eh_frame      0x000000000011ddd4       0x20 binaries/lfibget.o
                                         0x38 (size before relaxing)
 .eh_frame      0x000000000011ddf4       0x20 binaries/lfibput.o
                                         0x38 (size before relaxing)
 .eh_frame      0x000000000011de14       0x20 binaries/lflclose.o
                                         0x38 (size before relaxing)
 .eh_frame      0x000000000011de34       0x20 binaries/lflcontrol.o
                                         0x38 (size before relaxing)
 .eh_frame      0x000000000011de54       0x20 binaries/lflgetc.o
                                         0x38 (size before relaxing)
 .eh_frame      0x000000000011de74       0x20 binaries/lflinit.o
                                         0x38 (size before relaxing)
 .eh_frame      0x000000000011de94       0x20 binaries/lflputc.o
                                         0x38 (size before relaxing)
 .eh_frame      0x000000000011deb4       0x20 binaries/lflread.o
                                         0x38 (size before relaxing)
 .eh_frame      0x000000000011ded4       0x20 binaries/lflseek.o
                                         0x38 (size before relaxing)
 .eh_frame      0x000000000011def4       0x20 binaries/lflwrite.o
                                         0x38 (size before relaxing)
 .eh_frame      0x000000000011df14       0x20 binaries/lfscheck.o
                                         0x38 (size before relaxing)
 .eh_frame      0x000000000011df34       0x20 binaries/lfsckfmt.o
                                         0x38 (size before relaxing)
 .eh_frame      0x000000000011df54       0x20 binaries/lfscreate.o
                                         0x38 (size before relaxing)
 .eh_frame      0x000000000011df74       0x20 binaries/lfsetup.o
                                         0x38 (size before relaxing)
 .eh_frame      0x000000000011df94       0x20 binaries/lfsinit.o
                                         0x38 (size before relaxing)
 .eh_frame      0x000000000011dfb4       0x20 binaries/lfsopen.o
                                         0x38 (size before relaxing)
 .eh_frame      0x000000000011dfd4       0x20 binaries/lftruncate.o
                                         0x38 (size before relaxing)
 .eh_frame      0x000000000011dff4       0x20 binaries/rflclose.o
                                         0x38 (size before relaxing)
 .eh_frame      0x000000000011e014       0x20 binaries/rflgetc.o
                                         0x38 (size before relaxing)
 .eh_frame      0x000000000011e034       0x20 binaries/rflinit.o
                                         0x38 (size before relaxing)
 .eh_frame      0x000000000011e054       0x20 binaries/rflputc.o
                                         0x38 (size before relaxing)
 .eh_frame      0x000000000011e074       0x20 binaries/rflread.o
                                         0x38 (size before relaxing)
 .eh_frame      0x000000000011e094       0x20 binaries/rflseek.o
                                         0x38 (size before relaxing)
 .eh_frame      0x000000000011e0b4       0x20 binaries/rflwrite.o
                                         0x38 (size before relaxing)
 .eh_frame      0x000000000011e0d4       0x20 binaries/rfscomm.o
                                         0x38 (size before relaxing)
 .eh_frame      0x000000000011e0f4       0x20 binaries/rfscontrol.o
                                         0x38 (size before relaxing)
 .eh_frame      0x000000000011e114       0x20 binaries/rfsgetmode.o
                                         0x38 (size before relaxing)
 .eh_frame      0x000000000011e134       0x20 binaries/rfsinit.o
                                         0x38 (size before relaxing)
 .eh_frame      0x000000000011e154       0x20 binaries/rfsndmsg.o
                                         0x38 (size before relaxing)
 .eh_frame      0x000000000011e174       0x20 binaries/rfsopen.o
                                         0x38 (size before relaxing)
 .eh_frame      0x000000000011e194       0xc0 binaries/arp.o
                                         0xd8 (size before relaxing)
 .eh_frame      0x000000000011e254       0xa0 binaries/dhcp.o
                                         0xb8 (size before relaxing)
 .eh_frame      0x000000000011e2f4       0x80 binaries/dns.o
                                         0x98 (size before relaxing)
 .eh_frame      0x000000000011e374       0x20 binaries/dot2ip.o
                                         0x38 (size before relaxing)
 .eh_frame      0x000000000011e394       0x40 binaries/hexdump.o
                                         0x58 (size before relaxing)
 .eh_frame      0x000000000011e3d4      0x14c binaries/icmp.o
                                        0x164 (size before relaxing)
 .eh_frame      0x000000000011e520      0x11c binaries/ip.o
                                        0x134 (size before relaxing)
 .eh_frame      0x000000000011e63c       0xa0 binaries/net.o
                                         0xb8 (size before relaxing)
 .eh_frame      0x000000000011e6dc       0x60 binaries/pdump.o
                                         0x78 (size before relaxing)
 .eh_frame      0x000000000011e73c       0x60 binaries/tftp.o
                                         0x78 (size before relaxing)
 .eh_frame      0x000000000011e79c      0x140 binaries/udp.o
                                        0x158 (size before relaxing)
 .eh_frame      0x000000000011e8dc       0x20 binaries/addargs.o
                                         0x38 (size before relaxing)
 .eh_frame      0x000000000011e8fc       0x20 binaries/lexan.o
                                         0x38 (size before relaxing)
 .eh_frame      0x000000000011e91c       0x20 binaries/shell.o
                                         0x38 (size before relaxing)
 .eh_frame      0x000000000011e93c       0x20 binaries/xsh_argecho.o
                                         0x38 (size before relaxing)
 .eh_frame      0x000000000011e95c       0x40 binaries/xsh_arp.o
                                         0x58 (size before relaxing)
 .eh_frame      0x000000000011e99c       0x20 binaries/xsh_cat.o
                                         0x38 (size before relaxing)
 .eh_frame      0x000000000011e9bc       0x20 binaries/xsh_clear.o
                                         0x38 (size before relaxing)
 .eh_frame      0x000000000011e9dc       0x20 binaries/xsh_date.o
                                         0x38 (size before relaxing)
 .eh_frame      0x000000000011e9fc       0x20 binaries/xsh_devdump.o
                                         0x38 (size before relaxing)
 .eh_frame      0x000000000011ea1c       0x20 binaries/xsh_echo.o
                                         0x38 (size before relaxing)
 .eh_frame      0x000000000011ea3c       0x20 binaries/xsh_exit.o
                                         0x38 (size before relaxing)
 .eh_frame      0x000000000011ea5c       0x20 binaries/xsh_help.o
                                         0x38 (size before relaxing)
 .eh_frame      0x000000000011ea7c       0x20 binaries/xsh_kill.o
                                         0x38 (size before relaxing)
 .eh_frame      0x000000000011ea9c       0x40 binaries/xsh_memdump.o
                                         0x58 (size before relaxing)
 .eh_frame      0x000000000011eadc       0x60 binaries/xsh_memstat.o
                                         0x78 (size before relaxing)
 .eh_frame      0x000000000011eb3c       0x30 binaries/xsh_netinfo.o
                                         0x48 (size before relaxing)
 .eh_frame      0x000000000011eb6c       0x24 binaries/xsh_ping.o
                                         0x3c (size before relaxing)
 .eh_frame      0x000000000011eb90       0x30 binaries/xsh_ps.o
                                         0x48 (size before relaxing)
 .eh_frame      0x000000000011ebc0       0x20 binaries/xsh_sleep.o
                                         0x38 (size before relaxing)
 .eh_frame      0x000000000011ebe0       0x20 binaries/xsh_udpdump.o
                                         0x38 (size before relaxing)
 .eh_frame      0x000000000011ec00       0x30 binaries/xsh_udpecho.o
                                         0x48 (size before relaxing)
 .eh_frame      0x000000000011ec30       0x24 binaries/xsh_udpserver.o
                                         0x3c (size before relaxing)
 .eh_frame      0x000000000011ec54       0x20 binaries/xsh_uptime.o
                                         0x38 (size before relaxing)

.iplt           0x000000000011ec80        0x0
 .iplt          0x000000000011ec80        0x0 binaries/start.o

.rel.dyn        0x000000000011ec74        0x0
 .rel.iplt      0x000000000011ec74        0x0 binaries/start.o
 .rel.text      0x000000000011ec74        0x0 binaries/start.o
 .rel.data      0x000000000011ec74        0x0 binaries/start.o
 .rel.rodata    0x000000000011ec74        0x0 binaries/start.o

.data           0x000000000011ec80     0x1380
                0x000000000011ec80                data = ABSOLUTE (.)
 *(.data .data.*)
 .data          0x000000000011ec80      0x460 binaries/start.o
                0x000000000011ec80                gdt
                0x000000000011ecc0                gdtr
                0x000000000011ecc6                idt
                0x000000000011f0c6                idtr
                0x000000000011f0cc                cpudelay
                0x000000000011f0d0                _bootdev
                0x000000000011f0d4                _cyloffset
 .data          0x000000000011f0e0       0x88 binaries/ascdate.o
                0x000000000011f0e0                Date
 .data          0x000000000011f168        0x0 binaries/bufinit.o
 .data          0x000000000011f168        0x0 binaries/chprio.o
 .data          0x000000000011f168        0x4 binaries/clkhandler.o
 .data          0x000000000011f16c        0x0 binaries/clkinit.o
 .data          0x000000000011f16c        0x0 binaries/close.o
 *fill*         0x000000000011f16c       0x14 
 .data          0x000000000011f180      0x5a0 binaries/conf.o
                0x000000000011f180                devtab
 .data          0x000000000011f720        0x0 binaries/control.o
 .data          0x000000000011f720        0x4 binaries/create.o
 .data          0x000000000011f724        0x0 binaries/create_user_proc.o
 *fill*         0x000000000011f724       0x1c 
 .data          0x000000000011f740       0x40 binaries/evec.o
                0x000000000011f740                inames
 .data          0x000000000011f780        0x0 binaries/exit.o
 .data          0x000000000011f780        0x0 binaries/freebuf.o
 .data          0x000000000011f780        0x0 binaries/freemem.o
 .data          0x000000000011f780        0x0 binaries/getbuf.o
 .data          0x000000000011f780        0x0 binaries/getc.o
 .data          0x000000000011f780        0x0 binaries/getdev.o
 .data          0x000000000011f780        0x0 binaries/getitem.o
 .data          0x000000000011f780        0x0 binaries/getmem.o
 .data          0x000000000011f780        0x0 binaries/getpid.o
 .data          0x000000000011f780        0x0 binaries/getprio.o
 .data          0x000000000011f780        0x0 binaries/getstk.o
 .data          0x000000000011f780        0x0 binaries/getticks.o
 .data          0x000000000011f780        0x0 binaries/gettime.o
 .data          0x000000000011f780        0x0 binaries/getutime.o
 .data          0x000000000011f780       0x40 binaries/i386.o
                0x000000000011f780                gdt_copy
 .data          0x000000000011f7c0        0x0 binaries/init.o
 .data          0x000000000011f7c0        0x0 binaries/initialize.o
 .data          0x000000000011f7c0        0x0 binaries/insert.o
 .data          0x000000000011f7c0        0x0 binaries/insertd.o
 .data          0x000000000011f7c0        0x0 binaries/ioerr.o
 .data          0x000000000011f7c0        0x0 binaries/ionull.o
 .data          0x000000000011f7c0        0x0 binaries/kill.o
 .data          0x000000000011f7c0        0x0 binaries/kprintf.o
 .data          0x000000000011f7c0        0x0 binaries/main.o
 .data          0x000000000011f7c0        0x0 binaries/mark.o
 .data          0x000000000011f7c0        0x0 binaries/meminit.o
 .data          0x000000000011f7c0        0x0 binaries/mkbufpool.o
 .data          0x000000000011f7c0        0x2 binaries/newqueue.o
 .data          0x000000000011f7c2        0x0 binaries/open.o
 .data          0x000000000011f7c2        0x0 binaries/panic.o
 *fill*         0x000000000011f7c2        0x2 
 .data          0x000000000011f7c4       0x10 binaries/pci.o
 .data          0x000000000011f7d4        0x0 binaries/ptclear.o
 .data          0x000000000011f7d4        0x0 binaries/ptcount.o
 .data          0x000000000011f7d4        0x0 binaries/ptcreate.o
 .data          0x000000000011f7d4        0x0 binaries/ptdelete.o
 .data          0x000000000011f7d4        0x0 binaries/ptinit.o
 .data          0x000000000011f7d4        0x0 binaries/ptrecv.o
 .data          0x000000000011f7d4        0x0 binaries/ptreset.o
 .data          0x000000000011f7d4        0x0 binaries/ptsend.o
 .data          0x000000000011f7d4        0x0 binaries/putc.o
 .data          0x000000000011f7d4        0x0 binaries/queue.o
 .data          0x000000000011f7d4        0x0 binaries/read.o
 .data          0x000000000011f7d4        0x0 binaries/ready.o
[...]
 .comment       0x000000000000001d       0x1e binaries/dns.o
 .comment       0x000000000000001d       0x1e binaries/dot2ip.o
 .comment       0x000000000000001d       0x1e binaries/hexdump.o
 .comment       0x000000000000001d       0x1e binaries/icmp.o
 .comment       0x000000000000001d       0x1e binaries/ip.o
 .comment       0x000000000000001d       0x1e binaries/net.o
 .comment       0x000000000000001d       0x1e binaries/pdump.o
 .comment       0x000000000000001d       0x1e binaries/tftp.o
 .comment       0x000000000000001d       0x1e binaries/udp.o
 .comment       0x000000000000001d       0x1e binaries/addargs.o
 .comment       0x000000000000001d       0x1e binaries/lexan.o
 .comment       0x000000000000001d       0x1e binaries/shell.o
 .comment       0x000000000000001d       0x1e binaries/xsh_argecho.o
 .comment       0x000000000000001d       0x1e binaries/xsh_arp.o
 .comment       0x000000000000001d       0x1e binaries/xsh_cat.o
 .comment       0x000000000000001d       0x1e binaries/xsh_clear.o
 .comment       0x000000000000001d       0x1e binaries/xsh_date.o
 .comment       0x000000000000001d       0x1e binaries/xsh_devdump.o
 .comment       0x000000000000001d       0x1e binaries/xsh_echo.o
 .comment       0x000000000000001d       0x1e binaries/xsh_exit.o
 .comment       0x000000000000001d       0x1e binaries/xsh_help.o
 .comment       0x000000000000001d       0x1e binaries/xsh_kill.o
 .comment       0x000000000000001d       0x1e binaries/xsh_memdump.o
 .comment       0x000000000000001d       0x1e binaries/xsh_memstat.o
 .comment       0x000000000000001d       0x1e binaries/xsh_netinfo.o
 .comment       0x000000000000001d       0x1e binaries/xsh_ping.o
 .comment       0x000000000000001d       0x1e binaries/xsh_ps.o
 .comment       0x000000000000001d       0x1e binaries/xsh_sleep.o
 .comment       0x000000000000001d       0x1e binaries/xsh_udpdump.o
 .comment       0x000000000000001d       0x1e binaries/xsh_udpecho.o
 .comment       0x000000000000001d       0x1e binaries/xsh_udpserver.o
 .comment       0x000000000000001d       0x1e binaries/xsh_uptime.o

.note.GNU-stack
                0x0000000000000000        0x0
 .note.GNU-stack
                0x0000000000000000        0x0 binaries/ascdate.o
 .note.GNU-stack
                0x0000000000000000        0x0 binaries/bufinit.o
 .note.GNU-stack
                0x0000000000000000        0x0 binaries/chprio.o
 .note.GNU-stack
                0x0000000000000000        0x0 binaries/clkhandler.o
 .note.GNU-stack
                0x0000000000000000        0x0 binaries/clkinit.o
 .note.GNU-stack
                0x0000000000000000        0x0 binaries/close.o
 .note.GNU-stack
                0x0000000000000000        0x0 binaries/conf.o
 .note.GNU-stack
                0x0000000000000000        0x0 binaries/control.o
 .note.GNU-stack
                0x0000000000000000        0x0 binaries/create.o
 .note.GNU-stack
                0x0000000000000000        0x0 binaries/create_user_proc.o
 .note.GNU-stack
                0x0000000000000000        0x0 binaries/evec.o
 .note.GNU-stack
                0x0000000000000000        0x0 binaries/exit.o
 .note.GNU-stack
                0x0000000000000000        0x0 binaries/freebuf.o
 .note.GNU-stack
                0x0000000000000000        0x0 binaries/freemem.o
 .note.GNU-stack
                0x0000000000000000        0x0 binaries/getbuf.o
 .note.GNU-stack
                0x0000000000000000        0x0 binaries/getc.o
 .note.GNU-stack
                0x0000000000000000        0x0 binaries/getdev.o
 .note.GNU-stack
                0x0000000000000000        0x0 binaries/getitem.o
 .note.GNU-stack
                0x0000000000000000        0x0 binaries/getmem.o
 .note.GNU-stack
                0x0000000000000000        0x0 binaries/getpid.o
 .note.GNU-stack
                0x0000000000000000        0x0 binaries/getprio.o
 .note.GNU-stack
                0x0000000000000000        0x0 binaries/getstk.o
 .note.GNU-stack
                0x0000000000000000        0x0 binaries/getticks.o
 .note.GNU-stack
                0x0000000000000000        0x0 binaries/gettime.o
 .note.GNU-stack
                0x0000000000000000        0x0 binaries/getutime.o
 .note.GNU-stack
                0x0000000000000000        0x0 binaries/i386.o
 .note.GNU-stack
                0x0000000000000000        0x0 binaries/init.o
 .note.GNU-stack
                0x0000000000000000        0x0 binaries/initialize.o
 .note.GNU-stack
                0x0000000000000000        0x0 binaries/insert.o
 .note.GNU-stack
                0x0000000000000000        0x0 binaries/insertd.o
 .note.GNU-stack
                0x0000000000000000        0x0 binaries/ioerr.o
 .note.GNU-stack
                0x0000000000000000        0x0 binaries/ionull.o
 .note.GNU-stack
                0x0000000000000000        0x0 binaries/kill.o
 .note.GNU-stack
                0x0000000000000000        0x0 binaries/kprintf.o
 .note.GNU-stack
                0x0000000000000000        0x0 binaries/main.o
 .note.GNU-stack
                0x0000000000000000        0x0 binaries/mark.o
 .note.GNU-stack
                0x0000000000000000        0x0 binaries/meminit.o
 .note.GNU-stack
                0x0000000000000000        0x0 binaries/mkbufpool.o
 .note.GNU-stack
                0x0000000000000000        0x0 binaries/newqueue.o
 .note.GNU-stack
                0x0000000000000000        0x0 binaries/open.o
 .note.GNU-stack
                0x0000000000000000        0x0 binaries/panic.o
 .note.GNU-stack
                0x0000000000000000        0x0 binaries/pci.o
 .note.GNU-stack
                0x0000000000000000        0x0 binaries/ptclear.o
 .note.GNU-stack
                0x0000000000000000        0x0 binaries/ptcount.o
 .note.GNU-stack
                0x0000000000000000        0x0 binaries/ptcreate.o
 .note.GNU-stack
                0x0000000000000000        0x0 binaries/ptdelete.o
 .note.GNU-stack
                0x0000000000000000        0x0 binaries/ptinit.o
 .note.GNU-stack
                0x0000000000000000        0x0 binaries/ptrecv.o
 .note.GNU-stack
                0x0000000000000000        0x0 binaries/ptreset.o
 .note.GNU-stack
                0x0000000000000000        0x0 binaries/ptsend.o
 .note.GNU-stack
                0x0000000000000000        0x0 binaries/putc.o
 .note.GNU-stack
                0x0000000000000000        0x0 binaries/queue.o
 .note.GNU-stack
                0x0000000000000000        0x0 binaries/read.o
 .note.GNU-stack
                0x0000000000000000        0x0 binaries/ready.o
 .note.GNU-stack
                0x0000000000000000        0x0 binaries/receive.o
 .note.GNU-stack
                0x0000000000000000        0x0 binaries/recvclr.o
 .note.GNU-stack
                0x0000000000000000        0x0 binaries/recvtime.o
 .note.GNU-stack
                0x0000000000000000        0x0 binaries/resched.o
 .note.GNU-stack
                0x0000000000000000        0x0 binaries/resume.o
 .note.GNU-stack
                0x0000000000000000        0x0 binaries/seek.o
 .note.GNU-stack
                0x0000000000000000        0x0 binaries/semcount.o
 .note.GNU-stack
                0x0000000000000000        0x0 binaries/semcreate.o
 .note.GNU-stack
                0x0000000000000000        0x0 binaries/semdelete.o
 .note.GNU-stack
                0x0000000000000000        0x0 binaries/semreset.o
 .note.GNU-stack
                0x0000000000000000        0x0 binaries/send.o
 .note.GNU-stack
                0x0000000000000000        0x0 binaries/signal.o
 .note.GNU-stack
                0x0000000000000000        0x0 binaries/signaln.o
 .note.GNU-stack
                0x0000000000000000        0x0 binaries/sleep.o
 .note.GNU-stack
                0x0000000000000000        0x0 binaries/stacktrace.o
 .note.GNU-stack
                0x0000000000000000        0x0 binaries/suspend.o
 .note.GNU-stack
                0x0000000000000000        0x0 binaries/unsleep.o
 .note.GNU-stack
                0x0000000000000000        0x0 binaries/userret.o
 .note.GNU-stack
                0x0000000000000000        0x0 binaries/wait.o
 .note.GNU-stack
                0x0000000000000000        0x0 binaries/wakeup.o
 .note.GNU-stack
                0x0000000000000000        0x0 binaries/write.o
 .note.GNU-stack
                0x0000000000000000        0x0 binaries/xdone.o
 .note.GNU-stack
                0x0000000000000000        0x0 binaries/yield.o
 .note.GNU-stack
                0x0000000000000000        0x0 binaries/abs.o
 .note.GNU-stack
                0x0000000000000000        0x0 binaries/atoi.o
 .note.GNU-stack
                0x0000000000000000        0x0 binaries/atol.o
 .note.GNU-stack
                0x0000000000000000        0x0 binaries/bzero.o
 .note.GNU-stack
                0x0000000000000000        0x0 binaries/ctype_.o
 .note.GNU-stack
                0x0000000000000000        0x0 binaries/doprnt.o
 .note.GNU-stack
                0x0000000000000000        0x0 binaries/doscan.o
 .note.GNU-stack
                0x0000000000000000        0x0 binaries/fdoprnt.o
 .note.GNU-stack
                0x0000000000000000        0x0 binaries/fgetc.o
 .note.GNU-stack
                0x0000000000000000        0x0 binaries/fgets.o
 .note.GNU-stack
                0x0000000000000000        0x0 binaries/fprintf.o
 .note.GNU-stack
                0x0000000000000000        0x0 binaries/fputc.o
 .note.GNU-stack
                0x0000000000000000        0x0 binaries/fputs.o
 .note.GNU-stack
                0x0000000000000000        0x0 binaries/fscanf.o
 .note.GNU-stack
                0x0000000000000000        0x0 binaries/getchar.o
 .note.GNU-stack
                0x0000000000000000        0x0 binaries/labs.o
 .note.GNU-stack
                0x0000000000000000        0x0 binaries/memchr.o
 .note.GNU-stack
                0x0000000000000000        0x0 binaries/memcmp.o
 .note.GNU-stack
                0x0000000000000000        0x0 binaries/memcpy.o
 .note.GNU-stack
                0x0000000000000000        0x0 binaries/memset.o
 .note.GNU-stack
                0x0000000000000000        0x0 binaries/printf.o
 .note.GNU-stack
                0x0000000000000000        0x0 binaries/putchar.o
 .note.GNU-stack
                0x0000000000000000        0x0 binaries/qsort.o
 .note.GNU-stack
                0x0000000000000000        0x0 binaries/rand.o
 .note.GNU-stack
                0x0000000000000000        0x0 binaries/sprintf.o
 .note.GNU-stack
                0x0000000000000000        0x0 binaries/sscanf.o
 .note.GNU-stack
                0x0000000000000000        0x0 binaries/strchr.o
 .note.GNU-stack
                0x0000000000000000        0x0 binaries/strcmp.o
 .note.GNU-stack
                0x0000000000000000        0x0 binaries/strcpy.o
 .note.GNU-stack
                0x0000000000000000        0x0 binaries/strlen.o
 .note.GNU-stack
                0x0000000000000000        0x0 binaries/strncat.o
 .note.GNU-stack
                0x0000000000000000        0x0 binaries/strncmp.o
 .note.GNU-stack
                0x0000000000000000        0x0 binaries/strncpy.o
 .note.GNU-stack
                0x0000000000000000        0x0 binaries/strnlen.o
 .note.GNU-stack
                0x0000000000000000        0x0 binaries/strrchr.o
 .note.GNU-stack
                0x0000000000000000        0x0 binaries/strstr.o
 .note.GNU-stack
                0x0000000000000000        0x0 binaries/ttycontrol.o
 .note.GNU-stack
                0x0000000000000000        0x0 binaries/ttygetc.o
 .note.GNU-stack
                0x0000000000000000        0x0 binaries/ttyhandle_in.o
 .note.GNU-stack
                0x0000000000000000        0x0 binaries/ttyhandle_out.o
 .note.GNU-stack
                0x0000000000000000        0x0 binaries/ttyhandler.o
 .note.GNU-stack
                0x0000000000000000        0x0 binaries/ttyinit.o
 .note.GNU-stack
                0x0000000000000000        0x0 binaries/ttykickout.o
 .note.GNU-stack
                0x0000000000000000        0x0 binaries/ttyputc.o
 .note.GNU-stack
                0x0000000000000000        0x0 binaries/ttyread.o
 .note.GNU-stack
                0x0000000000000000        0x0 binaries/ttywrite.o
 .note.GNU-stack
                0x0000000000000000        0x0 binaries/mount.o
 .note.GNU-stack
                0x0000000000000000        0x0 binaries/naminit.o
 .note.GNU-stack
                0x0000000000000000        0x0 binaries/nammap.o
 .note.GNU-stack
                0x0000000000000000        0x0 binaries/namopen.o
 .note.GNU-stack
                0x0000000000000000        0x0 binaries/82545EMInit.o
 .note.GNU-stack
                0x0000000000000000        0x0 binaries/ethcontrol.o
 .note.GNU-stack
                0x0000000000000000        0x0 binaries/ethhandler.o
 .note.GNU-stack
                0x0000000000000000        0x0 binaries/ethinit.o
 .note.GNU-stack
                0x0000000000000000        0x0 binaries/ethread.o
 .note.GNU-stack
                0x0000000000000000        0x0 binaries/ethwrite.o
 .note.GNU-stack
                0x0000000000000000        0x0 binaries/rdsbufalloc.o
 .note.GNU-stack
                0x0000000000000000        0x0 binaries/rdsclose.o
 .note.GNU-stack
                0x0000000000000000        0x0 binaries/rdscomm.o
 .note.GNU-stack
                0x0000000000000000        0x0 binaries/rdscontrol.o
 .note.GNU-stack
                0x0000000000000000        0x0 binaries/rdsinit.o
 .note.GNU-stack
                0x0000000000000000        0x0 binaries/rdsopen.o
 .note.GNU-stack
                0x0000000000000000        0x0 binaries/rdsprocess.o
 .note.GNU-stack
                0x0000000000000000        0x0 binaries/rdsread.o
 .note.GNU-stack
                0x0000000000000000        0x0 binaries/rdswrite.o
 .note.GNU-stack
                0x0000000000000000        0x0 binaries/ramclose.o
 .note.GNU-stack
                0x0000000000000000        0x0 binaries/raminit.o
 .note.GNU-stack
                0x0000000000000000        0x0 binaries/ramopen.o
 .note.GNU-stack
                0x0000000000000000        0x0 binaries/ramread.o
 .note.GNU-stack
                0x0000000000000000        0x0 binaries/ramwrite.o
 .note.GNU-stack
                0x0000000000000000        0x0 binaries/lfdballoc.o
 .note.GNU-stack
                0x0000000000000000        0x0 binaries/lfdbfree.o
 .note.GNU-stack
                0x0000000000000000        0x0 binaries/lfflush.o
 .note.GNU-stack
                0x0000000000000000        0x0 binaries/lfgetmode.o
 .note.GNU-stack
                0x0000000000000000        0x0 binaries/lfiballoc.o
 .note.GNU-stack
                0x0000000000000000        0x0 binaries/lfibclear.o
 .note.GNU-stack
                0x0000000000000000        0x0 binaries/lfibget.o
 .note.GNU-stack
                0x0000000000000000        0x0 binaries/lfibput.o
 .note.GNU-stack
                0x0000000000000000        0x0 binaries/lflclose.o
 .note.GNU-stack
                0x0000000000000000        0x0 binaries/lflcontrol.o
 .note.GNU-stack
                0x0000000000000000        0x0 binaries/lflgetc.o
 .note.GNU-stack
                0x0000000000000000        0x0 binaries/lflinit.o
 .note.GNU-stack
                0x0000000000000000        0x0 binaries/lflputc.o
 .note.GNU-stack
                0x0000000000000000        0x0 binaries/lflread.o
 .note.GNU-stack
                0x0000000000000000        0x0 binaries/lflseek.o
 .note.GNU-stack
                0x0000000000000000        0x0 binaries/lflwrite.o
 .note.GNU-stack
                0x0000000000000000        0x0 binaries/lfscheck.o
 .note.GNU-stack
                0x0000000000000000        0x0 binaries/lfsckfmt.o
 .note.GNU-stack
                0x0000000000000000        0x0 binaries/lfscreate.o
 .note.GNU-stack
                0x0000000000000000        0x0 binaries/lfsetup.o
 .note.GNU-stack
                0x0000000000000000        0x0 binaries/lfsinit.o
 .note.GNU-stack
                0x0000000000000000        0x0 binaries/lfsopen.o
 .note.GNU-stack
                0x0000000000000000        0x0 binaries/lftruncate.o
 .note.GNU-stack
                0x0000000000000000        0x0 binaries/rflclose.o
 .note.GNU-stack
                0x0000000000000000        0x0 binaries/rflgetc.o
 .note.GNU-stack
                0x0000000000000000        0x0 binaries/rflinit.o
 .note.GNU-stack
                0x0000000000000000        0x0 binaries/rflputc.o
 .note.GNU-stack
                0x0000000000000000        0x0 binaries/rflread.o
 .note.GNU-stack
                0x0000000000000000        0x0 binaries/rflseek.o
 .note.GNU-stack
                0x0000000000000000        0x0 binaries/rflwrite.o
 .note.GNU-stack
                0x0000000000000000        0x0 binaries/rfscomm.o
 .note.GNU-stack
                0x0000000000000000        0x0 binaries/rfscontrol.o
 .note.GNU-stack
                0x0000000000000000        0x0 binaries/rfsgetmode.o
 .note.GNU-stack
                0x0000000000000000        0x0 binaries/rfsinit.o
 .note.GNU-stack
                0x0000000000000000        0x0 binaries/rfsndmsg.o
 .note.GNU-stack
                0x0000000000000000        0x0 binaries/rfsopen.o
 .note.GNU-stack
                0x0000000000000000        0x0 binaries/arp.o
 .note.GNU-stack
                0x0000000000000000        0x0 binaries/dhcp.o
 .note.GNU-stack
                0x0000000000000000        0x0 binaries/dns.o
 .note.GNU-stack
                0x0000000000000000        0x0 binaries/dot2ip.o
 .note.GNU-stack
                0x0000000000000000        0x0 binaries/hexdump.o
 .note.GNU-stack
                0x0000000000000000        0x0 binaries/icmp.o
 .note.GNU-stack
                0x0000000000000000        0x0 binaries/ip.o
 .note.GNU-stack
                0x0000000000000000        0x0 binaries/net.o
 .note.GNU-stack
                0x0000000000000000        0x0 binaries/pdump.o
 .note.GNU-stack
                0x0000000000000000        0x0 binaries/tftp.o
 .note.GNU-stack
                0x0000000000000000        0x0 binaries/udp.o
 .note.GNU-stack
                0x0000000000000000        0x0 binaries/addargs.o
 .note.GNU-stack
                0x0000000000000000        0x0 binaries/lexan.o
 .note.GNU-stack
                0x0000000000000000        0x0 binaries/shell.o
 .note.GNU-stack
                0x0000000000000000        0x0 binaries/xsh_argecho.o
 .note.GNU-stack
                0x0000000000000000        0x0 binaries/xsh_arp.o
 .note.GNU-stack
                0x0000000000000000        0x0 binaries/xsh_cat.o
 .note.GNU-stack
                0x0000000000000000        0x0 binaries/xsh_clear.o
 .note.GNU-stack
                0x0000000000000000        0x0 binaries/xsh_date.o
 .note.GNU-stack
                0x0000000000000000        0x0 binaries/xsh_devdump.o
 .note.GNU-stack
                0x0000000000000000        0x0 binaries/xsh_echo.o
 .note.GNU-stack
                0x0000000000000000        0x0 binaries/xsh_exit.o
 .note.GNU-stack
                0x0000000000000000        0x0 binaries/xsh_help.o
 .note.GNU-stack
                0x0000000000000000        0x0 binaries/xsh_kill.o
 .note.GNU-stack
                0x0000000000000000        0x0 binaries/xsh_memdump.o
 .note.GNU-stack
                0x0000000000000000        0x0 binaries/xsh_memstat.o
 .note.GNU-stack
                0x0000000000000000        0x0 binaries/xsh_netinfo.o
 .note.GNU-stack
                0x0000000000000000        0x0 binaries/xsh_ping.o
 .note.GNU-stack
                0x0000000000000000        0x0 binaries/xsh_ps.o
 .note.GNU-stack
                0x0000000000000000        0x0 binaries/xsh_sleep.o
 .note.GNU-stack
                0x0000000000000000        0x0 binaries/xsh_udpdump.o
 .note.GNU-stack
                0x0000000000000000        0x0 binaries/xsh_udpecho.o
 .note.GNU-stack
                0x0000000000000000        0x0 binaries/xsh_udpserver.o
 .note.GNU-stack
                0x0000000000000000        0x0 binaries/xsh_uptime.o
